COMMAND
C:\Users\Oven\AppData\Local\Programs\MiKTeX\miktex\bin\x64\xelatex.EXE -enable-installer -interaction=nonstopmode -halt-on-error -file-line-error -synctex=0 "-output-directory=C:\Mathematics-Knowledge\Secondary-School-Mathematics-Knowledge-Map\临时\新建文件夹 (2)\latex-output\.latex-build-f2vnce65" "C:\Mathematics-Knowledge\Secondary-School-Mathematics-Knowledge-Map\临时\新建文件夹 (2)\latex-output\2025-2026学年高二下学期期末数学（原卷版）（题解整合版）（解析版）.tex"

OUTPUT
PASS 1
This is XeTeX, Version 3.141592653-2.6-0.999998 (MiKTeX 26.2) (preloaded format=xelatex.fmt)
 restricted \write18 enabled.
entering extended mode

(C:/Mathematics-Knowledge/Secondary-School-Mathematics-Knowledge-Map/临时/新建文件夹 (
2)/latex-output/2025-2026学年高二下学期期末数学（原卷版）（题解整合版）（解析版）.tex
LaTeX2e <2025-11-01>
L3 programming layer <2026-03-20>
(C:\Users\Oven\AppData\Local\Programs\MiKTeX\tex/latex/ctex\ctexart.cls
(C:\Users\Oven\AppData\Local\Programs\MiKTeX\tex/latex/ctex/config\ctexbackend.
cfg) (C:\Users\Oven\AppData\Local\Programs\MiKTeX\tex/latex/l3kernel\expl3.sty
(C:\Users\Oven\AppData\Local\Programs\MiKTeX\tex/latex/l3backend\l3backend-xete
x.def))
Document Class: ctexart 2022/07/14 v2.5.10 Chinese adapter for class article (C
TEX)
(C:\Users\Oven\AppData\Local\Programs\MiKTeX\tex/latex/ctex\ctexhook.sty)
(C:\Users\Oven\AppData\Local\Programs\MiKTeX\tex/latex/ctex\ctexpatch.sty)
(C:\Users\Oven\AppData\Local\Programs\MiKTeX\tex/latex/base\fix-cm.sty
(C:\Users\Oven\AppData\Local\Programs\MiKTeX\tex/latex/base\ts1enc.def))
(C:\Users\Oven\AppData\Local\Programs\MiKTeX\tex/latex/ctex/config\ctexopts.cfg
) (C:\Users\Oven\AppData\Local\Programs\MiKTeX\tex/latex/base\article.cls
Document Class: article 2025/01/22 v1.4n Standard LaTeX document class
(C:\Users\Oven\AppData\Local\Programs\MiKTeX\tex/latex/base\size12.clo))
(C:\Users\Oven\AppData\Local\Programs\MiKTeX\tex/latex/ctex/engine\ctex-engine-
xetex.def
(C:\Users\Oven\AppData\Local\Programs\MiKTeX\tex/xelatex/xecjk\xeCJK.sty
(C:\Users\Oven\AppData\Local\Programs\MiKTeX\tex/latex/l3packages/xtemplate\xte
mplate.sty)
(C:\Users\Oven\AppData\Local\Programs\MiKTeX\tex/latex/fontspec\fontspec.sty
(C:\Users\Oven\AppData\Local\Programs\MiKTeX\tex/latex/l3packages/xparse\xparse
.sty)
(C:\Users\Oven\AppData\Local\Programs\MiKTeX\tex/latex/fontspec\fontspec-xetex.
sty (C:\Users\Oven\AppData\Local\Programs\MiKTeX\tex/latex/base\fontenc.sty)
(C:\Users\Oven\AppData\Local\Programs\MiKTeX\tex/latex/fontspec\fontspec.cfg)))
(C:\Users\Oven\AppData\Local\Programs\MiKTeX\tex/xelatex/xecjk\xeCJK.cfg)))
(C:\Users\Oven\AppData\Local\Programs\MiKTeX\tex/latex/zhnumber\zhnumber.sty
(C:\Users\Oven\AppData\Local\Programs\MiKTeX\tex/latex/zhnumber\zhnumber-utf8.c
fg))
(C:\Users\Oven\AppData\Local\Programs\MiKTeX\tex/latex/ctex/scheme\ctex-scheme-
chinese-article.def
(C:\Users\Oven\AppData\Local\Programs\MiKTeX\tex/latex/ctex/config\ctex-name-ut
f8.cfg))
(C:\Users\Oven\AppData\Local\Programs\MiKTeX\tex/latex/ctex/fontset\ctex-fontse
t-windows.def))
(C:\Users\Oven\AppData\Local\Programs\MiKTeX\tex/latex/ctex/config\ctex.cfg)
(C:\Users\Oven\AppData\Local\Programs\MiKTeX\tex/latex/geometry\geometry.sty
(C:\Users\Oven\AppData\Local\Programs\MiKTeX\tex/latex/graphics\keyval.sty)
(C:\Users\Oven\AppData\Local\Programs\MiKTeX\tex/generic/iftex\ifvtex.sty
(C:\Users\Oven\AppData\Local\Programs\MiKTeX\tex/generic/iftex\iftex.sty))
(C:\Users\Oven\AppData\Local\Programs\MiKTeX\tex/latex/geometry\geometry.cfg))
(C:\Users\Oven\AppData\Local\Programs\MiKTeX\tex/latex/amsmath\amsmath.sty
For additional information on amsmath, use the `?' option.
(C:\Users\Oven\AppData\Local\Programs\MiKTeX\tex/latex/amsmath\amstext.sty
(C:\Users\Oven\AppData\Local\Programs\MiKTeX\tex/latex/amsmath\amsgen.sty))
(C:\Users\Oven\AppData\Local\Programs\MiKTeX\tex/latex/amsmath\amsbsy.sty)
(C:\Users\Oven\AppData\Local\Programs\MiKTeX\tex/latex/amsmath\amsopn.sty))
(C:\Users\Oven\AppData\Local\Programs\MiKTeX\tex/latex/amsfonts\amssymb.sty
(C:\Users\Oven\AppData\Local\Programs\MiKTeX\tex/latex/amsfonts\amsfonts.sty))
(C:\Users\Oven\AppData\Local\Programs\MiKTeX\tex/latex/graphics\graphicx.sty
(C:\Users\Oven\AppData\Local\Programs\MiKTeX\tex/latex/graphics\graphics.sty
(C:\Users\Oven\AppData\Local\Programs\MiKTeX\tex/latex/graphics\trig.sty)
(C:\Users\Oven\AppData\Local\Programs\MiKTeX\tex/latex/graphics-cfg\graphics.cf
g)
(C:\Users\Oven\AppData\Local\Programs\MiKTeX\tex/latex/graphics-def\xetex.def))
) (C:\Users\Oven\AppData\Local\Programs\MiKTeX\tex/latex/xcolor\xcolor.sty
(C:\Users\Oven\AppData\Local\Programs\MiKTeX\tex/latex/graphics-cfg\color.cfg)
(C:\Users\Oven\AppData\Local\Programs\MiKTeX\tex/latex/graphics\mathcolor.ltx))
 (C:\Users\Oven\AppData\Local\Programs\MiKTeX\tex/latex/tools\longtable.sty)
(C:\Users\Oven\AppData\Local\Programs\MiKTeX\tex/latex/tools\array.sty)
(C:\Users\Oven\AppData\Local\Programs\MiKTeX\tex/latex/eso-pic\eso-pic.sty)
(C:\Users\Oven\AppData\Local\Programs\MiKTeX\tex/latex/hyperref\hyperref.sty
(C:\Users\Oven\AppData\Local\Programs\MiKTeX\tex/latex/kvsetkeys\kvsetkeys.sty)

(C:\Users\Oven\AppData\Local\Programs\MiKTeX\tex/generic/kvdefinekeys\kvdefinek
eys.sty)
(C:\Users\Oven\AppData\Local\Programs\MiKTeX\tex/generic/pdfescape\pdfescape.st
y (C:\Users\Oven\AppData\Local\Programs\MiKTeX\tex/generic/ltxcmds\ltxcmds.sty)

(C:\Users\Oven\AppData\Local\Programs\MiKTeX\tex/generic/pdftexcmds\pdftexcmds.
sty
(C:\Users\Oven\AppData\Local\Programs\MiKTeX\tex/generic/infwarerr\infwarerr.st
y))) (C:\Users\Oven\AppData\Local\Programs\MiKTeX\tex/latex/hycolor\hycolor.sty
) (C:\Users\Oven\AppData\Local\Programs\MiKTeX\tex/latex/hyperref\nameref.sty
(C:\Users\Oven\AppData\Local\Programs\MiKTeX\tex/latex/refcount\refcount.sty)
(C:\Users\Oven\AppData\Local\Programs\MiKTeX\tex/generic/gettitlestring\gettitl
estring.sty
(C:\Users\Oven\AppData\Local\Programs\MiKTeX\tex/latex/kvoptions\kvoptions.sty)
)) (C:\Users\Oven\AppData\Local\Programs\MiKTeX\tex/latex/etoolbox\etoolbox.sty
)
(C:\Users\Oven\AppData\Local\Programs\MiKTeX\tex/generic/stringenc\stringenc.st
y) (C:\Users\Oven\AppData\Local\Programs\MiKTeX\tex/latex/hyperref\pd1enc.def)
(C:\Users\Oven\AppData\Local\Programs\MiKTeX\tex/generic/intcalc\intcalc.sty)
(C:\Users\Oven\AppData\Local\Programs\MiKTeX\tex/latex/hyperref\puenc.def)
(C:\Users\Oven\AppData\Local\Programs\MiKTeX\tex/latex/url\url.sty)
(C:\Users\Oven\AppData\Local\Programs\MiKTeX\tex/generic/bitset\bitset.sty
(C:\Users\Oven\AppData\Local\Programs\MiKTeX\tex/generic/bigintcalc\bigintcalc.
sty)))
(C:\Users\Oven\AppData\Local\Programs\MiKTeX\tex/latex/hyperref\hxetex.def
(C:\Users\Oven\AppData\Local\Programs\MiKTeX\tex/latex/rerunfilecheck\rerunfile
check.sty
(C:\Users\Oven\AppData\Local\Programs\MiKTeX\tex/generic/uniquecounter\uniqueco
unter.sty)))
No file 2025-2026学年高二下学期期末数学（原卷版）（题解整合版）（解析版）.aux.
*geometry* driver: auto-detecting
*geometry* detected driver: xetex

Package hyperref Warning: Rerun to get /PageLabels entry.

(C:\Users\Oven\AppData\Local\Programs\MiKTeX\tex/latex/amsfonts\umsa.fd)
(C:\Users\Oven\AppData\Local\Programs\MiKTeX\tex/latex/amsfonts\umsb.fd)
[1] [2]
Underfull \hbox (badness 1173) in paragraph at lines 247--248
 []\TU/lmr/bx/n/12 Detailed explanation: \TU/SimSun(0)/m/n/12 设 长 方 体 三 条 棱 长 为
 $\OML/cmm/m/it/12 a; b; c$\TU/SimSun(0)/m/n/12 ，|  体 对 角 线 长 为 $\OML/cmm/m/it/
12 d \OT1/cmr/m/n/12 = 

Underfull \hbox (badness 1661) in paragraph at lines 247--248
 []$\TU/SimSun(0)/m/n/12 ，|  则 三 个 夹 角 的 正 弦 依 次 为 $[]\OML/cmm/m/it/12 ; []; []
$ |\TU/SimSun(0)/m/n/12 （次 序 不 影 响 结 论） ，|  故 
[3] [4] [5] [6] [7] [8]

Package longtable Warning: Column widths have changed
(longtable)                in table 1 on input line 468.

C:/Mathematics-Knowledge/Secondary-School-Mathematics-Knowledge-Map/临时/新建文件夹 (2
)/latex-output/2025-2026学年高二下学期期末数学（原卷版）（题解整合版）（解析版）.tex:484: Missing number, t
reated as zero.
<to be read again> 
                   (
l.484 \begin
            {minipage}[b]{\linewidth}\raggedright
Output written on C:\Mathematics-Knowledge\Secondary-School-Mathematics-Knowled
ge-Map\临时\新建文件夹 (2)\latex-output\.latex-build-f2vnce65\2025-2026学年高二下学期期末数学（原卷版
）（题解整合版）（解析版）.pdf (8 pages).
Transcript written on "C:\Mathematics-Knowledge\Secondary-School-Mathematics-Kn
owledge-Map\临时\新建文件夹 (2)\latex-output\.latex-build-f2vnce65\2025-2026学年高二下学期期末数
学（原卷版）（题解整合版）（解析版）.log".
